// Jest Snapshot v1, https://goo.gl/fbAQLP

exports[`Test the FilterSection Component 1`] = `
Array [
  "Launch Year",
  <ContainedButtons
    id="2006"
    isSelected={false}
    label="2006"
    onClick={[Function]}
  />,
  <ContainedButtons
    id="2007"
    isSelected={false}
    label="2007"
    onClick={[Function]}
  />,
  <ContainedButtons
    id="2008"
    isSelected={false}
    label="2008"
    onClick={[Function]}
  />,
  <ContainedButtons
    id="2009"
    isSelected={false}
    label="2009"
    onClick={[Function]}
  />,
  <ContainedButtons
    id="2010"
    isSelected={false}
    label="2010"
    onClick={[Function]}
  />,
  <ContainedButtons
    id="2011"
    isSelected={false}
    label="2011"
    onClick={[Function]}
  />,
  <ContainedButtons
    id="2012"
    isSelected={false}
    label="2012"
    onClick={[Function]}
  />,
  <ContainedButtons
    id="2013"
    isSelected={false}
    label="2013"
    onClick={[Function]}
  />,
  <ContainedButtons
    id="2014"
    isSelected={false}
    label="2014"
    onClick={[Function]}
  />,
  <ContainedButtons
    id="2015"
    isSelected={false}
    label="2015"
    onClick={[Function]}
  />,
  <ContainedButtons
    id="2016"
    isSelected={false}
    label="2016"
    onClick={[Function]}
  />,
  <ContainedButtons
    id="2017"
    isSelected={false}
    label="2017"
    onClick={[Function]}
  />,
  <ContainedButtons
    id="2018"
    isSelected={false}
    label="2018"
    onClick={[Function]}
  />,
  <ContainedButtons
    id="2019"
    isSelected={false}
    label="2019"
    onClick={[Function]}
  />,
  <ContainedButtons
    id="2020"
    isSelected={false}
    label="2020"
    onClick={[Function]}
  />,
]
`;
